[      45ms] [ERROR] Failed to load resource: the server responded with a status of 404 (File not found) @ http://localhost:8080/%EC%9B%B9%EB%94%94%EC%9E%90%EC%9D%B8/assets/img/problem_neck_pain_1787187142805.jpg:0
[      45ms] [ERROR] Failed to load resource: the server responded with a status of 404 (File not found) @ http://localhost:8080/%EC%9B%B9%EB%94%94%EC%9E%90%EC%9D%B8/assets/img/usecase_1400_desk_1787189730062.jpg:0
[      45ms] [ERROR] Failed to load resource: the server responded with a status of 404 (File not found) @ http://localhost:8080/%EC%9B%B9%EB%94%94%EC%9E%90%EC%9D%B8/assets/img/usecase_0830_commute_1787189711503.jpg:0
[      47ms] [ERROR] Failed to load resource: the server responded with a status of 404 (File not found) @ http://localhost:8080/%EC%9B%B9%EB%94%94%EC%9E%90%EC%9D%B8/assets/img/usecase_1700_meeting_1787189750314.jpg:0
[      47ms] [ERROR] Failed to load resource: the server responded with a status of 404 (File not found) @ http://localhost:8080/%EC%9B%B9%EB%94%94%EC%9E%90%EC%9D%B8/assets/img/usecase_1930_leaving_1787189770122.jpg:0
[   26689ms] [ERROR] Failed to load resource: the server responded with a status of 404 (File not found) @ http://localhost:8080/%EC%9B%B9%EB%94%94%EC%9E%90%EC%9D%B8/assets/img/hero_office_posture_1787187129651.jpg:0
[   29869ms] ReferenceError: handleTilt is not defined
    at HTMLDivElement.onmousemove (http://localhost:8080/%EC%9B%B9%EB%94%94%EC%9E%90%EC%9D%B8/%EC%88%98%EC%A0%95%20%EC%99%80%EC%9D%B4%EC%96%B4%ED%94%84%EB%A0%88%EC%9E%84.html:1109:114)
[   29886ms] ReferenceError: handleTilt is not defined
    at HTMLDivElement.onmousemove (http://localhost:8080/%EC%9B%B9%EB%94%94%EC%9E%90%EC%9D%B8/%EC%88%98%EC%A0%95%20%EC%99%80%EC%9D%B4%EC%96%B4%ED%94%84%EB%A0%88%EC%9E%84.html:1109:114)
[   29919ms] ReferenceError: resetTilt is not defined
    at HTMLDivElement.onmouseleave (http://localhost:8080/%EC%9B%B9%EB%94%94%EC%9E%90%EC%9D%B8/%EC%88%98%EC%A0%95%20%EC%99%80%EC%9D%B4%EC%96%B4%ED%94%84%EB%A0%88%EC%9E%84.html:1109:114)
[   29919ms] ReferenceError: handleTilt is not defined
    at HTMLDivElement.onmousemove (http://localhost:8080/%EC%9B%B9%EB%94%94%EC%9E%90%EC%9D%B8/%EC%88%98%EC%A0%95%20%EC%99%80%EC%9D%B4%EC%96%B4%ED%94%84%EB%A0%88%EC%9E%84.html:1122:114)
[   29935ms] ReferenceError: handleTilt is not defined
    at HTMLDivElement.onmousemove (http://localhost:8080/%EC%9B%B9%EB%94%94%EC%9E%90%EC%9D%B8/%EC%88%98%EC%A0%95%20%EC%99%80%EC%9D%B4%EC%96%B4%ED%94%84%EB%A0%88%EC%9E%84.html:1122:114)
[   29952ms] ReferenceError: handleTilt is not defined
    at HTMLDivElement.onmousemove (http://localhost:8080/%EC%9B%B9%EB%94%94%EC%9E%90%EC%9D%B8/%EC%88%98%EC%A0%95%20%EC%99%80%EC%9D%B4%EC%96%B4%ED%94%84%EB%A0%88%EC%9E%84.html:1122:114)
[   29968ms] ReferenceError: handleTilt is not defined
    at HTMLDivElement.onmousemove (http://localhost:8080/%EC%9B%B9%EB%94%94%EC%9E%90%EC%9D%B8/%EC%88%98%EC%A0%95%20%EC%99%80%EC%9D%B4%EC%96%B4%ED%94%84%EB%A0%88%EC%9E%84.html:1122:114)
[   30646ms] ReferenceError: handleTilt is not defined
    at HTMLDivElement.onmousemove (http://localhost:8080/%EC%9B%B9%EB%94%94%EC%9E%90%EC%9D%B8/%EC%88%98%EC%A0%95%20%EC%99%80%EC%9D%B4%EC%96%B4%ED%94%84%EB%A0%88%EC%9E%84.html:1122:114)
[   30668ms] ReferenceError: resetTilt is not defined
    at HTMLDivElement.onmouseleave (http://localhost:8080/%EC%9B%B9%EB%94%94%EC%9E%90%EC%9D%B8/%EC%88%98%EC%A0%95%20%EC%99%80%EC%9D%B4%EC%96%B4%ED%94%84%EB%A0%88%EC%9E%84.html:1122:114)
[   30668ms] ReferenceError: handleTilt is not defined
    at HTMLDivElement.onmousemove (http://localhost:8080/%EC%9B%B9%EB%94%94%EC%9E%90%EC%9D%B8/%EC%88%98%EC%A0%95%20%EC%99%80%EC%9D%B4%EC%96%B4%ED%94%84%EB%A0%88%EC%9E%84.html:1135:114)
[   30685ms] ReferenceError: handleTilt is not defined
    at HTMLDivElement.onmousemove (http://localhost:8080/%EC%9B%B9%EB%94%94%EC%9E%90%EC%9D%B8/%EC%88%98%EC%A0%95%20%EC%99%80%EC%9D%B4%EC%96%B4%ED%94%84%EB%A0%88%EC%9E%84.html:1135:114)
[   30946ms] ReferenceError: resetTilt is not defined
    at HTMLDivElement.onmouseleave (http://localhost:8080/%EC%9B%B9%EB%94%94%EC%9E%90%EC%9D%B8/%EC%88%98%EC%A0%95%20%EC%99%80%EC%9D%B4%EC%96%B4%ED%94%84%EB%A0%88%EC%9E%84.html:1135:114)
