[      45ms] [ERROR] Failed to load resource: the server responded with a status of 404 (File not found) @ http://localhost:8080/%EC%9B%B9%EB%94%94%EC%9E%90%EC%9D%B8/assets/img/problem_neck_pain_1787187142805.jpg:0
[      45ms] [ERROR] Failed to load resource: the server responded with a status of 404 (File not found) @ http://localhost:8080/%EC%9B%B9%EB%94%94%EC%9E%90%EC%9D%B8/assets/img/usecase_1400_desk_1787189730062.jpg:0
[      46ms] [ERROR] Failed to load resource: the server responded with a status of 404 (File not found) @ http://localhost:8080/%EC%9B%B9%EB%94%94%EC%9E%90%EC%9D%B8/assets/img/usecase_0830_commute_1787189711503.jpg:0
[      46ms] [ERROR] Failed to load resource: the server responded with a status of 404 (File not found) @ http://localhost:8080/%EC%9B%B9%EB%94%94%EC%9E%90%EC%9D%B8/assets/img/usecase_1700_meeting_1787189750314.jpg:0
[      46ms] [ERROR] Failed to load resource: the server responded with a status of 404 (File not found) @ http://localhost:8080/%EC%9B%B9%EB%94%94%EC%9E%90%EC%9D%B8/assets/img/usecase_1930_leaving_1787189770122.jpg:0
[  133120ms] [ERROR] Failed to load resource: the server responded with a status of 404 (File not found) @ http://localhost:8080/%EC%9B%B9%EB%94%94%EC%9E%90%EC%9D%B8/assets/img/problem_neck_pain_1787187142805.jpg:0
[  133120ms] [ERROR] Failed to load resource: the server responded with a status of 404 (File not found) @ http://localhost:8080/%EC%9B%B9%EB%94%94%EC%9E%90%EC%9D%B8/assets/img/usecase_1400_desk_1787189730062.jpg:0
[  133160ms] [ERROR] Failed to load resource: the server responded with a status of 404 (File not found) @ http://localhost:8080/%EC%9B%B9%EB%94%94%EC%9E%90%EC%9D%B8/assets/img/usecase_0830_commute_1787189711503.jpg:0
[  133161ms] [ERROR] Failed to load resource: the server responded with a status of 404 (File not found) @ http://localhost:8080/%EC%9B%B9%EB%94%94%EC%9E%90%EC%9D%B8/assets/img/usecase_1700_meeting_1787189750314.jpg:0
[  133161ms] [ERROR] Failed to load resource: the server responded with a status of 404 (File not found) @ http://localhost:8080/%EC%9B%B9%EB%94%94%EC%9E%90%EC%9D%B8/assets/img/usecase_1930_leaving_1787189770122.jpg:0
[  133161ms] [ERROR] Failed to load resource: the server responded with a status of 404 (File not found) @ http://localhost:8080/%EC%9B%B9%EB%94%94%EC%9E%90%EC%9D%B8/assets/img/usecase_1400_desk_1787189730062.jpg:0
[  133642ms] [ERROR] Failed to load resource: the server responded with a status of 404 (File not found) @ http://localhost:8080/%EC%9B%B9%EB%94%94%EC%9E%90%EC%9D%B8/assets/img/problem_neck_pain_1787187142805.jpg:0
[  133642ms] [ERROR] Failed to load resource: the server responded with a status of 404 (File not found) @ http://localhost:8080/%EC%9B%B9%EB%94%94%EC%9E%90%EC%9D%B8/assets/img/usecase_1400_desk_1787189730062.jpg:0
[  133681ms] [ERROR] Failed to load resource: the server responded with a status of 404 (File not found) @ http://localhost:8080/%EC%9B%B9%EB%94%94%EC%9E%90%EC%9D%B8/assets/img/usecase_0830_commute_1787189711503.jpg:0
[  133682ms] [ERROR] Failed to load resource: the server responded with a status of 404 (File not found) @ http://localhost:8080/%EC%9B%B9%EB%94%94%EC%9E%90%EC%9D%B8/assets/img/usecase_1700_meeting_1787189750314.jpg:0
[  133682ms] [ERROR] Failed to load resource: the server responded with a status of 404 (File not found) @ http://localhost:8080/%EC%9B%B9%EB%94%94%EC%9E%90%EC%9D%B8/assets/img/usecase_1930_leaving_1787189770122.jpg:0
[  133682ms] [ERROR] Failed to load resource: the server responded with a status of 404 (File not found) @ http://localhost:8080/%EC%9B%B9%EB%94%94%EC%9E%90%EC%9D%B8/assets/img/usecase_1400_desk_1787189730062.jpg:0
[  133943ms] [ERROR] Failed to load resource: the server responded with a status of 404 (File not found) @ http://localhost:8080/%EC%9B%B9%EB%94%94%EC%9E%90%EC%9D%B8/assets/img/problem_neck_pain_1787187142805.jpg:0
[  133943ms] [ERROR] Failed to load resource: the server responded with a status of 404 (File not found) @ http://localhost:8080/%EC%9B%B9%EB%94%94%EC%9E%90%EC%9D%B8/assets/img/usecase_1400_desk_1787189730062.jpg:0
[  133980ms] [ERROR] Failed to load resource: the server responded with a status of 404 (File not found) @ http://localhost:8080/%EC%9B%B9%EB%94%94%EC%9E%90%EC%9D%B8/assets/img/usecase_0830_commute_1787189711503.jpg:0
[  133980ms] [ERROR] Failed to load resource: the server responded with a status of 404 (File not found) @ http://localhost:8080/%EC%9B%B9%EB%94%94%EC%9E%90%EC%9D%B8/assets/img/usecase_1700_meeting_1787189750314.jpg:0
[  133981ms] [ERROR] Failed to load resource: the server responded with a status of 404 (File not found) @ http://localhost:8080/%EC%9B%B9%EB%94%94%EC%9E%90%EC%9D%B8/assets/img/usecase_1930_leaving_1787189770122.jpg:0
[  133981ms] [ERROR] Failed to load resource: the server responded with a status of 404 (File not found) @ http://localhost:8080/%EC%9B%B9%EB%94%94%EC%9E%90%EC%9D%B8/assets/img/usecase_1400_desk_1787189730062.jpg:0
[  134178ms] [ERROR] Failed to load resource: the server responded with a status of 404 (File not found) @ http://localhost:8080/%EC%9B%B9%EB%94%94%EC%9E%90%EC%9D%B8/assets/img/problem_neck_pain_1787187142805.jpg:0
[  134178ms] [ERROR] Failed to load resource: the server responded with a status of 404 (File not found) @ http://localhost:8080/%EC%9B%B9%EB%94%94%EC%9E%90%EC%9D%B8/assets/img/usecase_1400_desk_1787189730062.jpg:0
[  134219ms] [ERROR] Failed to load resource: the server responded with a status of 404 (File not found) @ http://localhost:8080/%EC%9B%B9%EB%94%94%EC%9E%90%EC%9D%B8/assets/img/usecase_0830_commute_1787189711503.jpg:0
[  134219ms] [ERROR] Failed to load resource: the server responded with a status of 404 (File not found) @ http://localhost:8080/%EC%9B%B9%EB%94%94%EC%9E%90%EC%9D%B8/assets/img/usecase_1700_meeting_1787189750314.jpg:0
[  134219ms] [ERROR] Failed to load resource: the server responded with a status of 404 (File not found) @ http://localhost:8080/%EC%9B%B9%EB%94%94%EC%9E%90%EC%9D%B8/assets/img/usecase_1930_leaving_1787189770122.jpg:0
[  134219ms] [ERROR] Failed to load resource: the server responded with a status of 404 (File not found) @ http://localhost:8080/%EC%9B%B9%EB%94%94%EC%9E%90%EC%9D%B8/assets/img/usecase_1400_desk_1787189730062.jpg:0
[  134454ms] [ERROR] Failed to load resource: the server responded with a status of 404 (File not found) @ http://localhost:8080/%EC%9B%B9%EB%94%94%EC%9E%90%EC%9D%B8/assets/img/problem_neck_pain_1787187142805.jpg:0
[  134455ms] [ERROR] Failed to load resource: the server responded with a status of 404 (File not found) @ http://localhost:8080/%EC%9B%B9%EB%94%94%EC%9E%90%EC%9D%B8/assets/img/usecase_1400_desk_1787189730062.jpg:0
[  134455ms] [ERROR] Failed to load resource: the server responded with a status of 404 (File not found) @ http://localhost:8080/%EC%9B%B9%EB%94%94%EC%9E%90%EC%9D%B8/assets/img/usecase_0830_commute_1787189711503.jpg:0
[  134455ms] [ERROR] Failed to load resource: the server responded with a status of 404 (File not found) @ http://localhost:8080/%EC%9B%B9%EB%94%94%EC%9E%90%EC%9D%B8/assets/img/usecase_1700_meeting_1787189750314.jpg:0
[  134455ms] [ERROR] Failed to load resource: the server responded with a status of 404 (File not found) @ http://localhost:8080/%EC%9B%B9%EB%94%94%EC%9E%90%EC%9D%B8/assets/img/usecase_1930_leaving_1787189770122.jpg:0
[  134669ms] [ERROR] Failed to load resource: the server responded with a status of 404 (File not found) @ http://localhost:8080/%EC%9B%B9%EB%94%94%EC%9E%90%EC%9D%B8/assets/img/problem_neck_pain_1787187142805.jpg:0
[  134669ms] [ERROR] Failed to load resource: the server responded with a status of 404 (File not found) @ http://localhost:8080/%EC%9B%B9%EB%94%94%EC%9E%90%EC%9D%B8/assets/img/usecase_1400_desk_1787189730062.jpg:0
[  134699ms] [ERROR] Failed to load resource: the server responded with a status of 404 (File not found) @ http://localhost:8080/%EC%9B%B9%EB%94%94%EC%9E%90%EC%9D%B8/assets/img/usecase_0830_commute_1787189711503.jpg:0
[  134699ms] [ERROR] Failed to load resource: the server responded with a status of 404 (File not found) @ http://localhost:8080/%EC%9B%B9%EB%94%94%EC%9E%90%EC%9D%B8/assets/img/usecase_1700_meeting_1787189750314.jpg:0
[  134699ms] [ERROR] Failed to load resource: the server responded with a status of 404 (File not found) @ http://localhost:8080/%EC%9B%B9%EB%94%94%EC%9E%90%EC%9D%B8/assets/img/usecase_1930_leaving_1787189770122.jpg:0
[  134699ms] [ERROR] Failed to load resource: the server responded with a status of 404 (File not found) @ http://localhost:8080/%EC%9B%B9%EB%94%94%EC%9E%90%EC%9D%B8/assets/img/usecase_1400_desk_1787189730062.jpg:0
[  134858ms] [ERROR] Failed to load resource: the server responded with a status of 404 (File not found) @ http://localhost:8080/%EC%9B%B9%EB%94%94%EC%9E%90%EC%9D%B8/assets/img/problem_neck_pain_1787187142805.jpg:0
[  134858ms] [ERROR] Failed to load resource: the server responded with a status of 404 (File not found) @ http://localhost:8080/%EC%9B%B9%EB%94%94%EC%9E%90%EC%9D%B8/assets/img/usecase_1400_desk_1787189730062.jpg:0
[  134898ms] [ERROR] Failed to load resource: the server responded with a status of 404 (File not found) @ http://localhost:8080/%EC%9B%B9%EB%94%94%EC%9E%90%EC%9D%B8/assets/img/usecase_0830_commute_1787189711503.jpg:0
[  134898ms] [ERROR] Failed to load resource: the server responded with a status of 404 (File not found) @ http://localhost:8080/%EC%9B%B9%EB%94%94%EC%9E%90%EC%9D%B8/assets/img/usecase_1700_meeting_1787189750314.jpg:0
[  134898ms] [ERROR] Failed to load resource: the server responded with a status of 404 (File not found) @ http://localhost:8080/%EC%9B%B9%EB%94%94%EC%9E%90%EC%9D%B8/assets/img/usecase_1930_leaving_1787189770122.jpg:0
[  134898ms] [ERROR] Failed to load resource: the server responded with a status of 404 (File not found) @ http://localhost:8080/%EC%9B%B9%EB%94%94%EC%9E%90%EC%9D%B8/assets/img/usecase_1400_desk_1787189730062.jpg:0
