[     602ms] [ERROR] Failed to load resource: the server responded with a status of 404 () @ https://bodyluv.kr/%7B#pc_thumb_url%7D:0
[     632ms] [WARNING] Failed - Get Cafe24 account @ https://static.shoplive.cloud/shoplive.js:0
[     648ms] [LOG] 배너매니저 실행 @ https://bodyluv.kr/web/upload/appfiles/ZaReJam3QiELznoZeGGkMG/0d9609eeb689f47c8bcd711284e19f4d.js?v=1787030598860:0
[     648ms] [LOG] 프로젝트: bodyluv @ https://bodyluv.kr/web/upload/appfiles/ZaReJam3QiELznoZeGGkMG/0d9609eeb689f47c8bcd711284e19f4d.js?v=1787030598860:0
[     649ms] [LOG] 수정일자: 2025-12-02 10:02:47 @ https://bodyluv.kr/web/upload/appfiles/ZaReJam3QiELznoZeGGkMG/0d9609eeb689f47c8bcd711284e19f4d.js?v=1787030598860:0
[     666ms] [ERROR] Failed to load resource: the server responded with a status of 404 () @ https://widgets.cre.ma/bodyluv.kr/init.js:0
[     687ms] [LOG] %c** 웹퍼블릭 배너매니저 v 2.4 ** color: white;background: linear-gradient(to right, #36d1dc, #5b86e5);padding: 8px;font-size: 16px;font-weight: bold;border-radius: 4px @ https://bodyluv.kr/web/upload/appfiles/AIFBrluHGdhkEsW6ewuLoA/c812682f651e2a7474789a23280c7638.js?v=1787030598881:0
[     687ms] [LOG] %c최종 수정일자: %c2026/08/14 16:11:06 color: #36d1dc; font-weight: bold; color: #5b86e5 @ https://bodyluv.kr/web/upload/appfiles/AIFBrluHGdhkEsW6ewuLoA/c812682f651e2a7474789a23280c7638.js?v=1787030598881:0
[     687ms] [LOG] %c프로젝트: %cbodyluv color: #36d1dc; font-weight: bold; color: #5b86e5 @ https://bodyluv.kr/web/upload/appfiles/AIFBrluHGdhkEsW6ewuLoA/c812682f651e2a7474789a23280c7638.js?v=1787030598881:0
[     702ms] [ERROR] Failed to load resource: the server responded with a status of 404 () @ https://bodyluv.kr/%7B#pc_thumb_url%7D:0
[     754ms] [LOG] %c 해시코퍼레이션 : agency@hashcorp.kr
 카페24 리뉴얼 및 커스텀 작업 background: #222; color: #ffe64d; font-weight: bold; font-size: 18px; padding: 8px 24px; border-radius: 6px; @ https://bodyluv.kr/ind-script/optimizer_user.php?filename=lZFLdsMwCEXncaZdhybtSroCiqiFjT4RKI12Hyf9jOxjdwQc7uNxQD0NnpTH5HTm9PbqBHpu5j5AGd2kbro0qv38KXRTYU_1FDmdJ33RXekzWUeXLuYYc9psx-yb0O_MS2OchyvT10Hr7Lu06zqMTS3HB6bWhdahIfzUj1Wfgr1VS10imlMQGkpl3JwMGjDX4kCVTL-PUXrlMdhxiScDloP3QzAa8_LHY3hsYqwhl_fApXAa_2GziSpWLrb3ksi3AonkLzlZBZypLsI7&type=js&k=61bd59c091ee54570134ffd2f85ae1f1e6aaee05&t=1776171707&user=T:1101
[     756ms] TypeError: Cannot read properties of null (reading 'appendChild')
    at setSelectedTab (https://bodyluv.kr/ind-script/optimizer_user.php?filename=lZFLdsMwCEXncaZdhybtSroCiqiFjT4RKI12Hyf9jOxjdwQc7uNxQD0NnpTH5HTm9PbqBHpu5j5AGd2kbro0qv38KXRTYU_1FDmdJ33RXekzWUeXLuYYc9psx-yb0O_MS2OchyvT10Hr7Lu06zqMTS3HB6bWhdahIfzUj1Wfgr1VS10imlMQGkpl3JwMGjDX4kCVTL-PUXrlMdhxiScDloP3QzAa8_LHY3hsYqwhl_fApXAa_2GziSpWLrb3ksi3AonkLzlZBZypLsI7&type=js&k=61bd59c091ee54570134ffd2f85ae1f1e6aaee05&t=1776171707&user=T:1176:25)
    at scrollSpy (https://bodyluv.kr/ind-script/optimizer_user.php?filename=lZFLdsMwCEXncaZdhybtSroCiqiFjT4RKI12Hyf9jOxjdwQc7uNxQD0NnpTH5HTm9PbqBHpu5j5AGd2kbro0qv38KXRTYU_1FDmdJ33RXekzWUeXLuYYc9psx-yb0O_MS2OchyvT10Hr7Lu06zqMTS3HB6bWhdahIfzUj1Wfgr1VS10imlMQGkpl3JwMGjDX4kCVTL-PUXrlMdhxiScDloP3QzAa8_LHY3hsYqwhl_fApXAa_2GziSpWLrb3ksi3AonkLzlZBZypLsI7&type=js&k=61bd59c091ee54570134ffd2f85ae1f1e6aaee05&t=1776171707&user=T:1161:13)
    at registerTabEvent (https://bodyluv.kr/ind-script/optimizer_user.php?filename=lZFLdsMwCEXncaZdhybtSroCiqiFjT4RKI12Hyf9jOxjdwQc7uNxQD0NnpTH5HTm9PbqBHpu5j5AGd2kbro0qv38KXRTYU_1FDmdJ33RXekzWUeXLuYYc9psx-yb0O_MS2OchyvT10Hr7Lu06zqMTS3HB6bWhdahIfzUj1Wfgr1VS10imlMQGkpl3JwMGjDX4kCVTL-PUXrlMdhxiScDloP3QzAa8_LHY3hsYqwhl_fApXAa_2GziSpWLrb3ksi3AonkLzlZBZypLsI7&type=js&k=61bd59c091ee54570134ffd2f85ae1f1e6aaee05&t=1776171707&user=T:1123:9)
    at HTMLDocument.<anonymous> (https://bodyluv.kr/ind-script/optimizer_user.php?filename=lZFLdsMwCEXncaZdhybtSroCiqiFjT4RKI12Hyf9jOxjdwQc7uNxQD0NnpTH5HTm9PbqBHpu5j5AGd2kbro0qv38KXRTYU_1FDmdJ33RXekzWUeXLuYYc9psx-yb0O_MS2OchyvT10Hr7Lu06zqMTS3HB6bWhdahIfzUj1Wfgr1VS10imlMQGkpl3JwMGjDX4kCVTL-PUXrlMdhxiScDloP3QzAa8_LHY3hsYqwhl_fApXAa_2GziSpWLrb3ksi3AonkLzlZBZypLsI7&type=js&k=61bd59c091ee54570134ffd2f85ae1f1e6aaee05&t=1776171707&user=T:1185:5)
[     757ms] [LOG] [shoplive plugin]: run @ https://static.shoplive.cloud/shoplive.js:0
[     766ms] [LOG] twt pixel activated @ :0
[     769ms] [LOG] [GTM] 페이지뷰 이벤트 전송: {페이지 제목: BODYLUV 바디럽 | 샤워기 리필 필터, UV 칫솔살균기, 딥슬립베개, 욕실용품, 페이지 URL: https://bodyluv.kr/brand.html, 페이지 경로: /brand.html, 이전 페이지: direct, 페이지 유형: 이벤트} @ :1
[     776ms] TypeError: window.mixpanel.track is not a function
    at <anonymous>:1:137
    at <anonymous>:1:153
    at https://www.googletagmanager.com/gtm.js?id=GTM-PG6W2L9:1125:429
    at NS (https://www.googletagmanager.com/gtm.js?id=GTM-PG6W2L9:1127:31)
    at Jd.MS (https://www.googletagmanager.com/gtm.js?id=GTM-PG6W2L9:1124:92)
    at Jd.<anonymous> (https://www.googletagmanager.com/gtm.js?id=GTM-PG6W2L9:457:187)
    at Ld.apply (https://www.googletagmanager.com/gtm.js?id=GTM-PG6W2L9:378:465)
    at fb (https://www.googletagmanager.com/gtm.js?id=GTM-PG6W2L9:341:750)
    at eb (https://www.googletagmanager.com/gtm.js?id=GTM-PG6W2L9:341:501)
    at Jd.<anonymous> (https://www.googletagmanager.com/gtm.js?id=GTM-PG6W2L9:402:473)
[     935ms] [LOG] Removed existing live mini preview. @ https://static.shoplive.cloud/shoplive.js:0
[    1144ms] [WARNING] [Meta pixel] 599994466873494 is unavailable on this website due to it's traffic permission settings. Go to https://www.facebook.com/business/help/572690630080597 to learn more. @ https://connect.facebook.net/en_US/fbevents.js:197
[    1174ms] [LOG] [AppAlphaUpsellSharedUtils] Initializing... @ https://static.alphwidget.com/script/Upsell-Script/PRODUCTION/alpha-upsell-shadow-bundle.js?vs=20260729111615.1&client_id=tgHZp6LCG5KuklqvIYgrtB:0
[    1175ms] [LOG] [AppAlphaUpsellSharedUtils] 즉시 초기화 시작 @ https://static.alphwidget.com/script/Upsell-Script/PRODUCTION/alpha-upsell-shadow-bundle.js?vs=20260729111615.1&client_id=tgHZp6LCG5KuklqvIYgrtB:0
[    1175ms] [LOG] [AppAlphaUpsellSharedUtils] EC_PATH_ROLE ETC @ https://static.alphwidget.com/script/Upsell-Script/PRODUCTION/alpha-upsell-shadow-bundle.js?vs=20260729111615.1&client_id=tgHZp6LCG5KuklqvIYgrtB:0
[    1175ms] [LOG] [AppAlphaUpsellSharedUtils] CAFE24API Initialized. @ https://static.alphwidget.com/script/Upsell-Script/PRODUCTION/alpha-upsell-shadow-bundle.js?vs=20260729111615.1&client_id=tgHZp6LCG5KuklqvIYgrtB:0
[    1177ms] [LOG] [AppAlphaUpsellRecommendation] Initializing... @ https://static.alphwidget.com/script/Upsell-Script/PRODUCTION/alpha-upsell-shadow-bundle.js?vs=20260729111615.1&client_id=tgHZp6LCG5KuklqvIYgrtB:10869
[    1177ms] [LOG] [AppAlphaUpsellState] Initializing... @ https://static.alphwidget.com/script/Upsell-Script/PRODUCTION/alpha-upsell-shadow-bundle.js?vs=20260729111615.1&client_id=tgHZp6LCG5KuklqvIYgrtB:10869
[    1177ms] [LOG] [AppAlphaUpsellReview] Initializing... @ https://static.alphwidget.com/script/Upsell-Script/PRODUCTION/alpha-upsell-shadow-bundle.js?vs=20260729111615.1&client_id=tgHZp6LCG5KuklqvIYgrtB:10869
[    1178ms] [LOG] AlphaReview - CDP Integration initialized @ https://static.alphwidget.com/script/Common-Script/PRODUCTION/alphacore_alpha_data.js?vs=20251202155655.1&client_id=tgHZp6LCG5KuklqvIYgrtB:169
[    1189ms] [LOG] AlphaReview - ALPHAREVIEW_FRONT_DB_SHOP_1 init. @ https://static.alphwidget.com/script/Common-Script/PRODUCTION/alphacore_alpha_data.js?vs=20251202155655.1&client_id=tgHZp6LCG5KuklqvIYgrtB:77
[    1189ms] [LOG] AlphaReview - AlphaData init. @ https://static.alphwidget.com/script/Common-Script/PRODUCTION/alphacore_alpha_data.js?vs=20251202155655.1&client_id=tgHZp6LCG5KuklqvIYgrtB:548
[    1203ms] [LOG] start push main script loading undefined @ https://static.alphwidget.com/script/Push-Script/PRODUCTION/alphapush_main.js?vs=20251202155653.1&client_id=tgHZp6LCG5KuklqvIYgrtB:0
[    1203ms] [LOG] %c 구매 과정을 편하게, %c알파푸시%c
Homepage: https://store.cafe24.com/kr/apps/20261 
            background: #246be7;
            color: #ffffff;
            font-size: 14px;
            font-weight: 400;
            padding: 10px 0px 10px 18px;
            border-radius: 10px 0 0 10px;
            box-shadow: 0 3px 10px rgba(62, 126, 255, 0.3);
            font-family: -apple-system, BlinkMacSystemFont, "Apple SD Gothic Neo", sans-serif;
            line-height: 1.5;
           
            background: #246be7;
            color: #ffffff;
            font-size: 14px;
            font-weight: 600;
            padding: 10px 18px 10px 0px;
            border-radius: 0 10px 10px 0;
            box-shadow: 0 3px 10px rgba(62, 126, 255, 0.3);
            font-family: -apple-system, BlinkMacSystemFont, "Apple SD Gothic Neo", sans-serif;
            line-height: 1.5;
           background: none; padding: 0; color: #FFFFFF; font-size: 12px; font-weight: bold; margin-top: 4px; @ https://static.alphwidget.com/script/Push-Script/PRODUCTION/alphapush_main.js?vs=20251202155653.1&client_id=tgHZp6LCG5KuklqvIYgrtB:0
[    1601ms] [WARNING] [AppAlphaUpsellSharedUtils] 고객정보 조회 재시도 최종 실패: Error: getCAFE24CustomerInfo returned null
    at https://static.alphwidget.com/script/Upsell-Script/PRODUCTION/alpha-upsell-shadow-bundle.js?vs=20260729111615.1&client_id=tgHZp6LCG5KuklqvIYgrtB:1:383656
    at async https://static.alphwidget.com/script/Upsell-Script/PRODUCTION/alpha-upsell-shadow-bundle.js?vs=20260729111615.1&client_id=tgHZp6LCG5KuklqvIYgrtB:1:383527
    at async Le (https://static.alphwidget.com/script/Upsell-Script/PRODUCTION/alpha-upsell-shadow-bundle.js?vs=20260729111615.1&client_id=tgHZp6LCG5KuklqvIYgrtB:1:383474)
    at async https://static.alphwidget.com/script/Upsell-Script/PRODUCTION/alpha-upsell-shadow-bundle.js?vs=20260729111615.1&client_id=tgHZp6LCG5KuklqvIYgrtB:1:393582 @ https://static.alphwidget.com/script/Upsell-Script/PRODUCTION/alpha-upsell-shadow-bundle.js?vs=20260729111615.1&client_id=tgHZp6LCG5KuklqvIYgrtB:0
[    1675ms] [LOG] [AppAlphaUpsellSharedUtils] 모든 필수 데이터 로드 완료. @ https://static.alphwidget.com/script/Upsell-Script/PRODUCTION/alpha-upsell-shadow-bundle.js?vs=20260729111615.1&client_id=tgHZp6LCG5KuklqvIYgrtB:0
[    1675ms] [LOG] [AppAlphaUpsellSharedUtils] 유틸 스크립트 로드 완료 - 위젯 초기화 가능 @ https://static.alphwidget.com/script/Upsell-Script/PRODUCTION/alpha-upsell-shadow-bundle.js?vs=20260729111615.1&client_id=tgHZp6LCG5KuklqvIYgrtB:0
[    1708ms] [LOG] [AppAlphaUpsellState] alphaDataModule 세션 연동 완료 @ https://static.alphwidget.com/script/Upsell-Script/PRODUCTION/alpha-upsell-shadow-bundle.js?vs=20260729111615.1&client_id=tgHZp6LCG5KuklqvIYgrtB:10869
[    1762ms] [LOG] [AppAlphaUpsellSharedUtils] PV 이벤트 전송 완료. @ https://static.alphwidget.com/script/Upsell-Script/PRODUCTION/alpha-upsell-shadow-bundle.js?vs=20260729111615.1&client_id=tgHZp6LCG5KuklqvIYgrtB:0
[    1762ms] [LOG] [AppAlphaUpsellSharedUtils] 상세 페이지가 아니므로 ProductAdd 초기화 생략 @ https://static.alphwidget.com/script/Upsell-Script/PRODUCTION/alpha-upsell-shadow-bundle.js?vs=20260729111615.1&client_id=tgHZp6LCG5KuklqvIYgrtB:0
