[      38ms] [ERROR] Failed to load resource: the server responded with a status of 404 (File not found) @ http://localhost:8080/%EC%9B%B9%EB%94%94%EC%9E%90%EC%9D%B8/assets/img/problem_neck_pain_1787187142805.jpg:0
[      39ms] [ERROR] Failed to load resource: the server responded with a status of 404 (File not found) @ http://localhost:8080/%EC%9B%B9%EB%94%94%EC%9E%90%EC%9D%B8/assets/img/problem_night_tired_1787187162164.jpg:0
[      52ms] [ERROR] Failed to load resource: the server responded with a status of 404 (File not found) @ http://localhost:8080/%EC%9B%B9%EB%94%94%EC%9E%90%EC%9D%B8/assets/img/problem_brace_uncomfortable_1787187539159.jpg:0
[      88ms] [ERROR] Failed to load resource: the server responded with a status of 404 (File not found) @ http://localhost:8080/%EC%9B%B9%EB%94%94%EC%9E%90%EC%9D%B8/assets/img/pillar_morning_habit_1787187195687.jpg:0
[      88ms] [ERROR] Failed to load resource: the server responded with a status of 404 (File not found) @ http://localhost:8080/%EC%9B%B9%EB%94%94%EC%9E%90%EC%9D%B8/assets/img/pillar_seamless_office_1787187211459.jpg:0
[      88ms] [ERROR] Failed to load resource: the server responded with a status of 404 (File not found) @ http://localhost:8080/%EC%9B%B9%EB%94%94%EC%9E%90%EC%9D%B8/assets/img/pillar_desk_wellness_1787187229043.jpg:0
[      88ms] [ERROR] Failed to load resource: the server responded with a status of 404 (File not found) @ http://localhost:8080/%EC%9B%B9%EB%94%94%EC%9E%90%EC%9D%B8/assets/img/usecase_1400_desk_1787189730062.jpg:0
[      88ms] [ERROR] Failed to load resource: the server responded with a status of 404 (File not found) @ http://localhost:8080/%EC%9B%B9%EB%94%94%EC%9E%90%EC%9D%B8/assets/img/usecase_0830_commute_1787189711503.jpg:0
[      88ms] [ERROR] Failed to load resource: the server responded with a status of 404 (File not found) @ http://localhost:8080/%EC%9B%B9%EB%94%94%EC%9E%90%EC%9D%B8/assets/img/usecase_1700_meeting_1787189750314.jpg:0
[      89ms] [ERROR] Failed to load resource: the server responded with a status of 404 (File not found) @ http://localhost:8080/%EC%9B%B9%EB%94%94%EC%9E%90%EC%9D%B8/assets/img/usecase_1930_leaving_1787189770122.jpg:0
[      89ms] [ERROR] Failed to load resource: the server responded with a status of 404 (File not found) @ http://localhost:8080/%EC%9B%B9%EB%94%94%EC%9E%90%EC%9D%B8/assets/img/problem_neck_pain_1787187142805.jpg:0
[   55419ms] [ERROR] Failed to load resource: the server responded with a status of 404 (File not found) @ http://localhost:8080/%EC%9B%B9%EB%94%94%EC%9E%90%EC%9D%B8/assets/img/problem_neck_pain_1787187142805.jpg:0
[   55419ms] [ERROR] Failed to load resource: the server responded with a status of 404 (File not found) @ http://localhost:8080/%EC%9B%B9%EB%94%94%EC%9E%90%EC%9D%B8/assets/img/problem_night_tired_1787187162164.jpg:0
[   55459ms] [ERROR] Failed to load resource: the server responded with a status of 404 (File not found) @ http://localhost:8080/%EC%9B%B9%EB%94%94%EC%9E%90%EC%9D%B8/assets/img/problem_brace_uncomfortable_1787187539159.jpg:0
[   55459ms] [ERROR] Failed to load resource: the server responded with a status of 404 (File not found) @ http://localhost:8080/%EC%9B%B9%EB%94%94%EC%9E%90%EC%9D%B8/assets/img/pillar_morning_habit_1787187195687.jpg:0
[   55459ms] [ERROR] Failed to load resource: the server responded with a status of 404 (File not found) @ http://localhost:8080/%EC%9B%B9%EB%94%94%EC%9E%90%EC%9D%B8/assets/img/pillar_seamless_office_1787187211459.jpg:0
[   55459ms] [ERROR] Failed to load resource: the server responded with a status of 404 (File not found) @ http://localhost:8080/%EC%9B%B9%EB%94%94%EC%9E%90%EC%9D%B8/assets/img/pillar_desk_wellness_1787187229043.jpg:0
[   55460ms] [ERROR] Failed to load resource: the server responded with a status of 404 (File not found) @ http://localhost:8080/%EC%9B%B9%EB%94%94%EC%9E%90%EC%9D%B8/assets/img/usecase_0830_commute_1787189711503.jpg:0
[   55460ms] [ERROR] Failed to load resource: the server responded with a status of 404 (File not found) @ http://localhost:8080/%EC%9B%B9%EB%94%94%EC%9E%90%EC%9D%B8/assets/img/usecase_1400_desk_1787189730062.jpg:0
[   55460ms] [ERROR] Failed to load resource: the server responded with a status of 404 (File not found) @ http://localhost:8080/%EC%9B%B9%EB%94%94%EC%9E%90%EC%9D%B8/assets/img/usecase_1700_meeting_1787189750314.jpg:0
[   55460ms] [ERROR] Failed to load resource: the server responded with a status of 404 (File not found) @ http://localhost:8080/%EC%9B%B9%EB%94%94%EC%9E%90%EC%9D%B8/assets/img/usecase_1930_leaving_1787189770122.jpg:0
[   55460ms] [ERROR] Failed to load resource: the server responded with a status of 404 (File not found) @ http://localhost:8080/%EC%9B%B9%EB%94%94%EC%9E%90%EC%9D%B8/assets/img/problem_neck_pain_1787187142805.jpg:0
[   55722ms] [ERROR] Failed to load resource: the server responded with a status of 404 (File not found) @ http://localhost:8080/%EC%9B%B9%EB%94%94%EC%9E%90%EC%9D%B8/assets/img/problem_neck_pain_1787187142805.jpg:0
[   55722ms] [ERROR] Failed to load resource: the server responded with a status of 404 (File not found) @ http://localhost:8080/%EC%9B%B9%EB%94%94%EC%9E%90%EC%9D%B8/assets/img/problem_night_tired_1787187162164.jpg:0
[   55723ms] [ERROR] Failed to load resource: the server responded with a status of 404 (File not found) @ http://localhost:8080/%EC%9B%B9%EB%94%94%EC%9E%90%EC%9D%B8/assets/img/problem_brace_uncomfortable_1787187539159.jpg:0
[   55723ms] [ERROR] Failed to load resource: the server responded with a status of 404 (File not found) @ http://localhost:8080/%EC%9B%B9%EB%94%94%EC%9E%90%EC%9D%B8/assets/img/pillar_morning_habit_1787187195687.jpg:0
[   55723ms] [ERROR] Failed to load resource: the server responded with a status of 404 (File not found) @ http://localhost:8080/%EC%9B%B9%EB%94%94%EC%9E%90%EC%9D%B8/assets/img/pillar_seamless_office_1787187211459.jpg:0
[   55723ms] [ERROR] Failed to load resource: the server responded with a status of 404 (File not found) @ http://localhost:8080/%EC%9B%B9%EB%94%94%EC%9E%90%EC%9D%B8/assets/img/pillar_desk_wellness_1787187229043.jpg:0
[   55723ms] [ERROR] Failed to load resource: the server responded with a status of 404 (File not found) @ http://localhost:8080/%EC%9B%B9%EB%94%94%EC%9E%90%EC%9D%B8/assets/img/usecase_1400_desk_1787189730062.jpg:0
[   55723ms] [ERROR] Failed to load resource: the server responded with a status of 404 (File not found) @ http://localhost:8080/%EC%9B%B9%EB%94%94%EC%9E%90%EC%9D%B8/assets/img/usecase_0830_commute_1787189711503.jpg:0
[   55723ms] [ERROR] Failed to load resource: the server responded with a status of 404 (File not found) @ http://localhost:8080/%EC%9B%B9%EB%94%94%EC%9E%90%EC%9D%B8/assets/img/usecase_1700_meeting_1787189750314.jpg:0
[   55724ms] [ERROR] Failed to load resource: the server responded with a status of 404 (File not found) @ http://localhost:8080/%EC%9B%B9%EB%94%94%EC%9E%90%EC%9D%B8/assets/img/usecase_1930_leaving_1787189770122.jpg:0
[   55888ms] [ERROR] Failed to load resource: the server responded with a status of 404 (File not found) @ http://localhost:8080/%EC%9B%B9%EB%94%94%EC%9E%90%EC%9D%B8/assets/img/problem_neck_pain_1787187142805.jpg:0
[   55889ms] [ERROR] Failed to load resource: the server responded with a status of 404 (File not found) @ http://localhost:8080/%EC%9B%B9%EB%94%94%EC%9E%90%EC%9D%B8/assets/img/problem_night_tired_1787187162164.jpg:0
[   55930ms] [ERROR] Failed to load resource: the server responded with a status of 404 (File not found) @ http://localhost:8080/%EC%9B%B9%EB%94%94%EC%9E%90%EC%9D%B8/assets/img/problem_brace_uncomfortable_1787187539159.jpg:0
[   55931ms] [ERROR] Failed to load resource: the server responded with a status of 404 (File not found) @ http://localhost:8080/%EC%9B%B9%EB%94%94%EC%9E%90%EC%9D%B8/assets/img/pillar_morning_habit_1787187195687.jpg:0
[   55931ms] [ERROR] Failed to load resource: the server responded with a status of 404 (File not found) @ http://localhost:8080/%EC%9B%B9%EB%94%94%EC%9E%90%EC%9D%B8/assets/img/pillar_seamless_office_1787187211459.jpg:0
[   55931ms] [ERROR] Failed to load resource: the server responded with a status of 404 (File not found) @ http://localhost:8080/%EC%9B%B9%EB%94%94%EC%9E%90%EC%9D%B8/assets/img/pillar_desk_wellness_1787187229043.jpg:0
[   55932ms] [ERROR] Failed to load resource: the server responded with a status of 404 (File not found) @ http://localhost:8080/%EC%9B%B9%EB%94%94%EC%9E%90%EC%9D%B8/assets/img/usecase_1400_desk_1787189730062.jpg:0
[   55932ms] [ERROR] Failed to load resource: the server responded with a status of 404 (File not found) @ http://localhost:8080/%EC%9B%B9%EB%94%94%EC%9E%90%EC%9D%B8/assets/img/usecase_0830_commute_1787189711503.jpg:0
[   55932ms] [ERROR] Failed to load resource: the server responded with a status of 404 (File not found) @ http://localhost:8080/%EC%9B%B9%EB%94%94%EC%9E%90%EC%9D%B8/assets/img/usecase_1700_meeting_1787189750314.jpg:0
[   55932ms] [ERROR] Failed to load resource: the server responded with a status of 404 (File not found) @ http://localhost:8080/%EC%9B%B9%EB%94%94%EC%9E%90%EC%9D%B8/assets/img/usecase_1930_leaving_1787189770122.jpg:0
[   55944ms] [ERROR] Failed to load resource: the server responded with a status of 404 (File not found) @ http://localhost:8080/%EC%9B%B9%EB%94%94%EC%9E%90%EC%9D%B8/assets/img/problem_neck_pain_1787187142805.jpg:0
[   55945ms] [ERROR] Failed to load resource: the server responded with a status of 404 (File not found) @ http://localhost:8080/%EC%9B%B9%EB%94%94%EC%9E%90%EC%9D%B8/assets/img/usecase_1400_desk_1787189730062.jpg:0
